main.c:145:5:main	16	static
main.c:283:6:SystemClock_Config	88	static
main.c:328:13:MX_I2C1_Init	8	static
main.c:362:13:MX_TIM1_Init	56	static
main.c:412:13:MX_TIM2_Init	32	static
main.c:457:13:MX_TIM3_Init	48	static
main.c:510:13:MX_TIM4_Init	32	static
main.c:555:13:MX_USART2_UART_Init	8	static
main.c:586:13:MX_DMA_Init	16	static
main.c:607:13:MX_GPIO_Init	48	static
main.c:644:6:NucleoCheck	8	static
main.c:658:10:EncoderPosition_Update	4	static
main.c:662:7:EncoderVelocity_Update	48	static
main.c:685:6:kalmanfilter	24	static
main.c:710:6:planning	24	static
main.c:736:6:pid	4	static
main.c:748:6:HAL_TIM_PeriodElapsedCallback	24	static
main.c:764:10:micros	12	static
main.c:769:6:MicroCheck	16	static
main.c:778:6:ProxiCheck	8	static
main.c:784:6:MotorDrive	4	static
main.c:798:6:SetHome	8	static
main.c:822:6:Control	4	static
main.c:833:6:I2C_Laser	24	static
main.c:844:6:I2C_Check	8	static
main.c:860:6:Error_Handler	4	static,ignoring_inline_asm
